#-----------------------------------------------------------
# Vivado v2026.1 (64-bit)
# SW Build 6511674 on Tue Jun 16 11:02:23 MDT 2026
# IP Build 6504888 on Tue Jun 09 09:05:25 MDT 2026
# SharedData Build 6501428 on Mon Jun 08 17:34:18 MDT 2026
# Start of session at: Wed Sep 16 14:24:35 2026
# Process ID         : 33532
# Current directory  : C:/Users/gaeun/Desktop/lab2_07_mealy/vivado
# Command line       : vivado.exe -gui_launcher_event rodinguilauncherevent12044 C:\Users\gaeun\Desktop\lab2_07_mealy\vivado\lab2_mealy.xpr
# Log file           : C:/Users/gaeun/Desktop/lab2_07_mealy/vivado/vivado.log
# Journal file       : C:/Users/gaeun/Desktop/lab2_07_mealy/vivado\vivado.jou
# Running On         : 9aeun
# Platform           : Windows 11
# Operating System   : 26200
# Processor Detail   : Intel(R) Core(TM) Ultra 5 225H
# CPU Frequency      : 3686 MHz
# CPU Physical cores : 14
# CPU Logical cores  : 14
# Host memory        : 16509 MB
# Swap memory        : 17179 MB
# Total Virtual      : 33688 MB
# Available Virtual  : 11598 MB
#-----------------------------------------------------------
start_gui
open_project C:/Users/gaeun/Desktop/lab2_07_mealy/vivado/lab2_mealy.xpr
update_compile_order -fileset sources_1
launch_simulation
source tb_mealy_toggle.tcl
synth_design -rtl -rtl_skip_mlo -name rtl_1
launch_runs synth_1 -jobs 7
wait_on_run synth_1
launch_runs impl_1 -jobs 7
wait_on_run impl_1
launch_runs impl_1 -to_step write_bitstream -jobs 7
wait_on_run impl_1
close_design
open_run impl_1
close_sim
close_project
create_project lab2_segment_scan C:/Users/gaeun/Desktop/lab2_08_segment_scan/vivado -part xc7s75fgga484-1
add_files -norecurse {C:/Users/gaeun/Desktop/lab2_08_segment_scan/src/segment_scan8.v C:/Users/gaeun/Desktop/lab2_08_segment_scan/src/input_frontend.v C:/Users/gaeun/Desktop/lab2_08_segment_scan/src/lab2_segment_scan.v}
update_compile_order -fileset sources_1
update_compile_order -fileset sources_1
set_property SOURCE_SET sources_1 [get_filesets sim_1]
add_files -fileset sim_1 -norecurse C:/Users/gaeun/Desktop/lab2_08_segment_scan/sim/tb_segment_scan8.sv
update_compile_order -fileset sim_1
add_files -fileset constrs_1 -norecurse C:/Users/gaeun/Desktop/lab2_08_segment_scan/constraints/lab2_segment_scan.xdc
launch_simulation
source lab2_segment_scan.tcl
# Disabling source management mode.  This is to allow the top design properties to be set without GUI intervention.
set_property source_mgmt_mode None [current_project]
set_property top tb_segment_scan8 [get_filesets sim_1]
set_property top_lib xil_defaultlib [get_filesets sim_1]
# Re-enabling previously disabled source management mode.
set_property source_mgmt_mode All [current_project]
update_compile_order -fileset sim_1
synth_design -top lab2_segment_scan -part xc7s75fgga484-1 -lint 
launch_simulation
close_sim
